// Vitest Snapshot v1, https://vitest.dev/guide/snapshot.html

exports[`mount component 1`] = `"<span data-v-232938ab="" class="hm-icon-user"><img data-v-232938ab="" class="ha-image image" loading="eager" fetchpriority="low" src="/image.png" alt="" role="presentation" decoding="auto" draggable="false"></span>"`;
