// Vitest Snapshot v1, https://vitest.dev/guide/snapshot.html

exports[`mount component 1`] = `"<button data-v-0844060a="" class="ha-base-button" type="button">button label</button>"`;
