// Vitest Snapshot v1, https://vitest.dev/guide/snapshot.html

exports[`mount component 1`] = `"<input data-v-d0a26e0a="" class="ha-base-input" type="text" value="false">"`;
