// Vitest Snapshot v1, https://vitest.dev/guide/snapshot.html

exports[`mount component 1`] = `"<button data-v-0844060a="" data-v-98a1ad68="" class="ha-base-button hm-button -primary -md" type="button">button label</button>"`;
