// Vitest Snapshot v1, https://vitest.dev/guide/snapshot.html

exports[`mount component 1`] = `"<ul data-v-91fb3b34="" class="hm-note-list"></ul>"`;
