// Vitest Snapshot v1, https://vitest.dev/guide/snapshot.html

exports[`mount component 1`] = `"<img class="ha-image" loading="eager" fetchpriority="low" src="img.png" alt="a great img" role="img" decoding="auto">"`;
