// Vitest Snapshot v1, https://vitest.dev/guide/snapshot.html

exports[`mount component 1`] = `"<a class="ha-link" href="https://example.com"></a>"`;
