// Vitest Snapshot v1, https://vitest.dev/guide/snapshot.html

exports[`mount component 1`] = `"<div data-v-c1d69a8c="" class="ha-loading-icon"></div>"`;
