// Vitest Snapshot v1, https://vitest.dev/guide/snapshot.html

exports[`mount component 1`] = `
"<label data-v-d244b359="" class="hm-input-radio"><input data-v-d0a26e0a="" data-v-d244b359="" class="ha-base-input button" type="radio" name="test name" value="false">
  <div data-v-d244b359="" class="content"></div>
</label>"
`;
